// Jest Snapshot v1, https://goo.gl/fbAQLP

exports[`LoginComponent rendering should have LoginComponent 1`] = `
<div
  className="container-fluid h-100 text-dark"
>
  <nav
    className="navbar"
  >
    <span
      className="mb-0 h1 navbar-text"
    >
      Note Keeping app
    </span>
  </nav>
  <Bootstrap(Modal)
    className="modal"
    show={true}
  >
    <ModalHeader
      className="modalheader"
      closeButton={false}
      closeLabel="Close"
    >
      <h1
        style={
          Object {
            "margin": "auto",
          }
        }
      >
        Login
      </h1>
    </ModalHeader>
    <ModalBody>
      <label
        className="label"
        htmlFor="UserName"
      >
        <span>
          User name
        </span>
        <input
          className="form-control"
          id="Username"
          name="username"
          placeholder="Enter your User name"
          type="text"
        />
      </label>
      <label
        className="label"
        htmlFor="password"
      >
        <span>
          Password
        </span>
        <input
          className="form-control"
          name="password"
          placeholder="Enter yout Password"
          type="password"
        />
      </label>
      <span
        className="errorMessage"
      />
    </ModalBody>
    <ModalFooter>
      <Button
        active={false}
        className="btnstyle"
        disabled={false}
        type="button"
        variant="primary"
      >
        Submit
      </Button>
    </ModalFooter>
  </Bootstrap(Modal)>
</div>
`;
